2025-03-26 09:37:35,627 - INFO - Using device: cpu
2025-03-26 09:37:35,629 - INFO - Loading configuration from: best_model.pth
2025-03-26 09:37:35,656 - INFO - Configuration loaded successfully
2025-03-26 09:37:35,656 - INFO - Using classification threshold: 0.4
2025-03-26 09:37:35,657 - INFO - Loading model from: best_model.pth
2025-03-26 09:37:35,698 - INFO - Model weights loaded successfully
2025-03-26 09:37:35,699 - INFO - Loading test data from: unscaled_pdsch_val_min.parquet
2025-03-26 09:38:21,258 - INFO - Test data loaded successfully
2025-03-26 09:38:21,272 - INFO - Extracting raw feature data from test dataset...
2025-03-26 09:38:21,354 - INFO - Extracted 687016 timesteps of MCS data
2025-03-26 09:38:21,359 - INFO - Loading false positives from: analysis_results/false_positives/false_positives_clustered.csv
2025-03-26 09:38:21,396 - INFO - Loaded 2591 false positives
2025-03-26 09:38:21,408 - INFO - Found 2 clusters of false positives
2025-03-26 09:38:21,408 - INFO - Starting comprehensive MCS analysis...
2025-03-26 09:38:21,408 - INFO - Analyzing MCS distribution...
2025-03-26 09:38:25,710 - INFO - Analyzing MCS distribution by cluster...
2025-03-26 09:39:03,678 - INFO - Using device: cpu
2025-03-26 09:39:03,679 - INFO - Loading configuration from: best_model.pth
2025-03-26 09:39:03,704 - INFO - Configuration loaded successfully
2025-03-26 09:39:03,705 - INFO - Using classification threshold: 0.4
2025-03-26 09:39:03,705 - INFO - Loading model from: best_model.pth
2025-03-26 09:39:03,738 - INFO - Model weights loaded successfully
2025-03-26 09:39:03,738 - INFO - Loading test data from: unscaled_pdsch_val_min.parquet
2025-03-26 09:39:42,279 - INFO - Test data loaded successfully
2025-03-26 09:39:42,282 - INFO - Extracting raw feature data from test dataset...
2025-03-26 09:39:42,358 - INFO - Extracted 687016 timesteps of MCS data
2025-03-26 09:39:42,364 - INFO - Loading false positives from: analysis_results/false_positives/false_positives_clustered.csv
2025-03-26 09:39:42,395 - INFO - Loaded 2591 false positives
2025-03-26 09:39:42,409 - INFO - Found 2 clusters of false positives
2025-03-26 09:39:42,409 - INFO - Starting comprehensive MCS analysis...
2025-03-26 09:39:42,409 - INFO - Analyzing MCS distribution...
2025-03-26 09:39:46,624 - INFO - Analyzing MCS distribution by cluster...
2025-03-26 09:39:49,828 - INFO - Analyzing temporal patterns in MCS values...
2025-03-26 09:39:49,828 - INFO - Running inference on false positives to extract model internals...
2025-03-26 09:40:21,764 - INFO - Extracted model internals for 2591 false positives
2025-03-26 09:40:21,764 - INFO - Found 1344 sequences containing false positives
2025-03-26 09:40:21,765 - INFO - Analyzing MCS context windows around false positives...
2025-03-26 09:40:23,715 - INFO - Analyzing MCS transitions around false positives...
2025-03-26 09:40:30,459 - INFO - Found 9 significant MCS transitions
2025-03-26 09:40:30,459 - INFO - Top 5 significant transitions:
2025-03-26 09:40:30,460 - INFO -   1. MCS 2 → 2: Diff = -0.2414 (Normal: 0.6044, FP: 0.3629)
2025-03-26 09:40:30,460 - INFO -   2. MCS 27 → 27: Diff = -0.2197 (Normal: 0.3489, FP: 0.1292)
2025-03-26 09:40:30,460 - INFO -   3. MCS 3 → 3: Diff = -0.1833 (Normal: 0.5911, FP: 0.4078)
2025-03-26 09:40:30,460 - INFO -   4. MCS 27 → 25: Diff = -0.1702 (Normal: 0.3142, FP: 0.1439)
2025-03-26 09:40:30,461 - INFO -   5. MCS 1 → 1: Diff = -0.1438 (Normal: 0.5290, FP: 0.3852)
2025-03-26 09:40:30,464 - INFO - Analyzing MCS variability...
2025-03-26 09:41:36,094 - INFO - Mining for specific MCS patterns in false positives...
2025-03-26 09:41:36,444 - INFO - Top 20 MCS patterns that indicate false positives:
2025-03-26 09:41:36,444 - INFO -   1. Pattern [0, 31, 0]: Ratio = 23961661.34, FP Freq = 0.0024, Normal Freq = 0.0000
2025-03-26 09:41:36,444 - INFO -   2. Pattern [18, 31, 27]: Ratio = 19968051.12, FP Freq = 0.0020, Normal Freq = 0.0000
2025-03-26 09:41:36,444 - INFO -   3. Pattern [0, 28, 1]: Ratio = 199.52, FP Freq = 0.0032, Normal Freq = 0.0000
2025-03-26 09:41:36,444 - INFO -   4. Pattern [29, 29, 0]: Ratio = 174.58, FP Freq = 0.0056, Normal Freq = 0.0000
2025-03-26 09:41:36,445 - INFO -   5. Pattern [31, 30, 27]: Ratio = 149.64, FP Freq = 0.0024, Normal Freq = 0.0000
2025-03-26 09:41:38,585 - INFO - Discovering prototypical MCS sequences...
2025-03-26 09:41:39,452 - INFO - DBSCAN found 72 clusters
2025-03-26 09:41:47,952 - INFO - Analyzing correlation between MCS and model outputs...
2025-03-26 09:41:50,347 - INFO - Could not create pairplot, skipping
2025-03-26 09:41:50,348 - INFO - Generating comprehensive report...
2025-03-26 09:45:28,713 - INFO - Using device: cpu
2025-03-26 09:45:28,714 - INFO - Loading configuration from: best_model.pth
2025-03-26 09:45:28,743 - INFO - Configuration loaded successfully
2025-03-26 09:45:28,743 - INFO - Using classification threshold: 0.4
2025-03-26 09:45:28,744 - INFO - Loading model from: best_model.pth
2025-03-26 09:45:28,763 - INFO - Model weights loaded successfully
2025-03-26 09:45:28,763 - INFO - Loading test data from: unscaled_pdsch_val_min.parquet
2025-03-26 09:46:04,057 - INFO - Test data loaded successfully
2025-03-26 09:46:04,059 - INFO - Extracting raw feature data from test dataset...
2025-03-26 09:46:04,099 - INFO - Extracted 687016 timesteps of MCS data
2025-03-26 09:46:04,103 - INFO - Loading false positives from: analysis_results/false_positives/false_positives_clustered.csv
2025-03-26 09:46:04,118 - INFO - Loaded 2591 false positives
2025-03-26 09:46:04,124 - INFO - Found 2 clusters of false positives
2025-03-26 09:46:04,124 - INFO - Starting comprehensive MCS analysis...
2025-03-26 09:46:04,124 - INFO - Analyzing MCS distribution...
2025-03-26 09:46:08,076 - INFO - Analyzing MCS distribution by cluster...
2025-03-26 09:46:11,533 - INFO - Analyzing temporal patterns in MCS values...
2025-03-26 09:46:11,533 - INFO - Running inference on false positives to extract model internals...
2025-03-26 09:46:42,601 - INFO - Extracted model internals for 2591 false positives
2025-03-26 09:46:42,602 - INFO - Found 1344 sequences containing false positives
2025-03-26 09:46:42,602 - INFO - Analyzing MCS context windows around false positives...
2025-03-26 09:46:44,389 - INFO - Analyzing MCS transitions around false positives...
2025-03-26 09:46:50,583 - INFO - Found 9 significant MCS transitions
2025-03-26 09:46:50,583 - INFO - Top 5 significant transitions:
2025-03-26 09:46:50,583 - INFO -   1. MCS 2 → 2: Diff = -0.2414 (Normal: 0.6044, FP: 0.3629)
2025-03-26 09:46:50,583 - INFO -   2. MCS 27 → 27: Diff = -0.2197 (Normal: 0.3489, FP: 0.1292)
2025-03-26 09:46:50,583 - INFO -   3. MCS 3 → 3: Diff = -0.1833 (Normal: 0.5911, FP: 0.4078)
2025-03-26 09:46:50,584 - INFO -   4. MCS 27 → 25: Diff = -0.1702 (Normal: 0.3142, FP: 0.1439)
2025-03-26 09:46:50,584 - INFO -   5. MCS 1 → 1: Diff = -0.1438 (Normal: 0.5290, FP: 0.3852)
2025-03-26 09:46:50,586 - INFO - Analyzing MCS variability...
2025-03-26 09:47:54,480 - INFO - Mining for specific MCS patterns in false positives...
2025-03-26 09:47:54,818 - INFO - Top 20 MCS patterns that indicate false positives:
2025-03-26 09:47:54,818 - INFO -   1. Pattern [0, 31, 0]: Ratio = 23961661.34, FP Freq = 0.0024, Normal Freq = 0.0000
2025-03-26 09:47:54,818 - INFO -   2. Pattern [18, 31, 27]: Ratio = 19968051.12, FP Freq = 0.0020, Normal Freq = 0.0000
2025-03-26 09:47:54,818 - INFO -   3. Pattern [0, 28, 1]: Ratio = 199.52, FP Freq = 0.0032, Normal Freq = 0.0000
2025-03-26 09:47:54,818 - INFO -   4. Pattern [29, 29, 0]: Ratio = 174.58, FP Freq = 0.0056, Normal Freq = 0.0000
2025-03-26 09:47:54,819 - INFO -   5. Pattern [31, 30, 27]: Ratio = 149.64, FP Freq = 0.0024, Normal Freq = 0.0000
2025-03-26 09:47:56,935 - INFO - Discovering prototypical MCS sequences...
2025-03-26 09:47:57,728 - INFO - DBSCAN found 72 clusters
2025-03-26 09:48:05,862 - INFO - Analyzing correlation between MCS and model outputs...
2025-03-26 09:48:08,157 - INFO - Could not create pairplot, skipping
2025-03-26 09:48:08,158 - INFO - Generating comprehensive report...
2025-03-26 09:48:08,162 - INFO - Comprehensive report saved to mcs_analysis_results/mcs_analysis_report.md
2025-03-26 09:48:08,162 - INFO - Text summary report saved to mcs_analysis_results/mcs_analysis_summary.txt
2025-03-26 09:48:08,162 - INFO - MCS analysis completed!
2025-03-26 09:48:08,162 - INFO - Analysis complete. Results saved to mcs_analysis_results
