2025-03-11 12:21:24,214 - INFO - Using device: cpu
2025-03-11 12:21:24,216 - INFO - Loading configuration from: best_model.pth
2025-03-11 12:21:24,232 - INFO - Configuration loaded successfully
2025-03-11 12:21:24,232 - INFO - Using classification threshold: 0.4
2025-03-11 12:21:24,233 - INFO - Loading model from: best_model.pth
2025-03-11 12:21:24,264 - INFO - Model weights loaded successfully
2025-03-11 12:21:24,265 - INFO - Model loaded successfully with 1,543,549 parameters
2025-03-11 12:21:24,265 - INFO - Loading test data from: unscaled_pdsch_val_min.parquet
2025-03-11 12:21:55,073 - INFO - Test data loaded successfully with 244 batches
2025-03-11 12:21:55,076 - INFO - Analyzing dataset statistics...
2025-03-11 12:21:55,882 - INFO - Dataset statistics saved to analysis_results/statistics/dataset_statistics.csv
2025-03-11 12:22:33,610 - INFO - Training dataset statistics saved to analysis_results/statistics/dataset_train_statistics.csv
2025-03-11 12:22:34,029 - INFO - Running inference on test data...
2025-03-11 12:25:22,704 - INFO - Using device: cpu
2025-03-11 12:25:22,705 - INFO - Loading configuration from: best_model.pth
2025-03-11 12:25:22,709 - INFO - Configuration loaded successfully
2025-03-11 12:25:22,709 - INFO - Using classification threshold: 0.4
2025-03-11 12:25:22,710 - INFO - Loading model from: best_model.pth
2025-03-11 12:25:22,728 - INFO - Model weights loaded successfully
2025-03-11 12:25:22,728 - INFO - Model loaded successfully with 1,543,549 parameters
2025-03-11 12:25:22,729 - INFO - Loading test data from: unscaled_pdsch_val_min.parquet
2025-03-11 12:25:53,036 - INFO - Test data loaded successfully with 244 batches
2025-03-11 12:25:53,036 - INFO - Analyzing dataset statistics...
2025-03-11 12:26:35,228 - INFO - Using device: cpu
2025-03-11 12:26:35,229 - INFO - Loading configuration from: best_model.pth
2025-03-11 12:26:35,235 - INFO - Configuration loaded successfully
2025-03-11 12:26:35,236 - INFO - Using classification threshold: 0.4
2025-03-11 12:26:35,236 - INFO - Loading model from: best_model.pth
2025-03-11 12:26:35,256 - INFO - Model weights loaded successfully
2025-03-11 12:26:35,256 - INFO - Model loaded successfully with 1,543,549 parameters
2025-03-11 12:26:35,256 - INFO - Loading test data from: unscaled_pdsch_val_min.parquet
2025-03-11 12:27:05,982 - INFO - Test data loaded successfully with 244 batches
2025-03-11 12:27:05,982 - INFO - Analyzing dataset statistics...
2025-03-11 12:27:06,797 - INFO - Dataset statistics saved to analysis_results/statistics/dataset_statistics.csv
2025-03-11 12:27:47,831 - INFO - Training dataset statistics saved to analysis_results/statistics/dataset_train_statistics.csv
2025-03-11 12:27:48,912 - INFO - Running inference on test data...
2025-03-11 12:29:33,308 - INFO - Inference completed on 687016 timesteps
2025-03-11 12:29:33,312 - INFO - Calculating performance metrics...
2025-03-11 12:29:33,667 - INFO - Binary Classification Metrics:
2025-03-11 12:29:33,668 - INFO -   Accuracy: 0.9958
2025-03-11 12:29:33,668 - INFO -   Precision: 0.7278
2025-03-11 12:29:33,668 - INFO -   Recall: 0.9598
2025-03-11 12:29:33,668 - INFO -   F1 Score: 0.8278
2025-03-11 12:29:33,668 - INFO -   ROC AUC: 0.9986
2025-03-11 12:29:33,668 - INFO - 
Confusion Matrix (Normal vs Anomaly):
2025-03-11 12:29:33,668 - INFO -                   Predicted
2025-03-11 12:29:33,669 - INFO -                 Normal  Anomaly
2025-03-11 12:29:33,669 - INFO - Actual Normal   677208   2591    
2025-03-11 12:29:33,669 - INFO - Actual Anomaly  290      6927    
2025-03-11 12:29:33,669 - INFO - 
Class Detection Rates:
2025-03-11 12:29:33,669 - INFO -   Class 0 (Normal): 677208/679799 = 0.9962
2025-03-11 12:29:33,669 - INFO -   Class 1 (Unnecessary ReTx): 6338/6471 = 0.9794
2025-03-11 12:29:33,670 - INFO -   Class 2 (Missing ReTx): 184/303 = 0.6073
2025-03-11 12:29:33,670 - INFO -   Class 3 (New Data No ReTx): 164/202 = 0.8119
2025-03-11 12:29:33,670 - INFO -   Class 4 (Max ReTx Achieved): 241/241 = 1.0000
2025-03-11 12:29:33,670 - INFO - Plotting ROC curve...
2025-03-11 12:29:34,267 - INFO - Plotting precision-recall curve...
2025-03-11 12:29:35,040 - INFO - Plotting class detection rates...
2025-03-11 12:29:35,467 - INFO - Plotting confusion matrix...
2025-03-11 12:29:36,946 - INFO - Analyzing false positives...
2025-03-11 12:29:36,948 - INFO - Found 2591 false positives
2025-03-11 12:29:36,975 - INFO - False positives data saved to analysis_results/false_positives/false_positives.csv
2025-03-11 12:29:37,140 - INFO - Clustering false positives...
2025-03-11 12:29:38,610 - INFO - Optimal number of clusters: 2
2025-03-11 12:29:39,712 - INFO - False positive clustering analysis saved
2025-03-11 12:29:39,712 - INFO - Analyzing time-series predictions...
2025-03-11 12:29:42,196 - INFO - Saved time-series analysis for anomaly_type_1
2025-03-11 12:29:44,558 - INFO - Saved time-series analysis for anomaly_type_2
2025-03-11 12:29:46,763 - INFO - Saved time-series analysis for anomaly_type_3
2025-03-11 12:29:48,877 - INFO - Saved time-series analysis for anomaly_type_4
2025-03-11 12:29:51,023 - INFO - Saved time-series analysis for false_positive
2025-03-11 12:29:51,023 - INFO - Visualizing feature importance...
2025-03-11 12:29:53,472 - INFO - Generating LaTeX tables...
2025-03-11 12:29:53,472 - INFO - LaTeX tables saved to analysis_results/tables/
2025-03-11 12:29:53,473 - INFO - Generating summary report...
2025-03-11 12:29:53,501 - INFO - Summary report saved to analysis_results/summary_report.md
2025-03-11 12:29:53,502 - INFO - Analysis complete. Results saved to analysis_results
2025-03-11 12:48:47,995 - INFO - Using device: cpu
2025-03-11 12:48:47,996 - INFO - Loading configuration from: best_model.pth
2025-03-11 12:48:48,013 - INFO - Configuration loaded successfully
2025-03-11 12:48:48,013 - INFO - Using classification threshold: 0.4
2025-03-11 12:48:48,013 - INFO - Loading model from: best_model.pth
2025-03-11 12:48:48,049 - INFO - Model weights loaded successfully
2025-03-11 12:48:48,049 - INFO - Model loaded successfully with 1,543,549 parameters
2025-03-11 12:48:48,049 - INFO - Loading test data from: unscaled_pdsch_val_min.parquet
2025-03-11 12:49:19,259 - INFO - Test data loaded successfully with 244 batches
2025-03-11 12:49:19,260 - INFO - Analyzing dataset statistics...
2025-03-11 12:49:20,091 - INFO - Dataset statistics saved to analysis_results/statistics/dataset_statistics.csv
2025-03-11 12:51:32,827 - INFO - Using device: cpu
2025-03-11 12:51:32,828 - INFO - Loading configuration from: best_model.pth
2025-03-11 12:51:32,833 - INFO - Configuration loaded successfully
2025-03-11 12:51:32,833 - INFO - Using classification threshold: 0.4
2025-03-11 12:51:32,833 - INFO - Loading model from: best_model.pth
2025-03-11 12:51:32,852 - INFO - Model weights loaded successfully
2025-03-11 12:51:32,853 - INFO - Model loaded successfully with 1,543,549 parameters
2025-03-11 12:51:32,853 - INFO - Loading test data from: unscaled_pdsch_val_min.parquet
2025-03-11 12:52:03,272 - INFO - Test data loaded successfully with 244 batches
2025-03-11 12:52:03,283 - INFO - Analyzing dataset statistics...
2025-03-11 12:52:04,117 - INFO - Dataset statistics saved to analysis_results/statistics/dataset_statistics.csv
2025-03-11 12:53:46,484 - INFO - Using device: cpu
2025-03-11 12:53:46,485 - INFO - Loading configuration from: best_model.pth
2025-03-11 12:53:46,489 - INFO - Configuration loaded successfully
2025-03-11 12:53:46,489 - INFO - Using classification threshold: 0.4
2025-03-11 12:53:46,489 - INFO - Loading model from: best_model.pth
2025-03-11 12:53:46,508 - INFO - Model weights loaded successfully
2025-03-11 12:53:46,508 - INFO - Model loaded successfully with 1,543,549 parameters
2025-03-11 12:53:46,509 - INFO - Loading test data from: unscaled_pdsch_val_min.parquet
2025-03-11 12:54:16,209 - INFO - Test data loaded successfully with 244 batches
2025-03-11 12:54:16,209 - INFO - Analyzing dataset statistics...
2025-03-11 12:54:17,035 - INFO - Dataset statistics saved to analysis_results/statistics/dataset_statistics.csv
2025-03-11 12:55:35,506 - INFO - Using device: cpu
2025-03-11 12:55:35,506 - INFO - Loading configuration from: best_model.pth
2025-03-11 12:55:35,511 - INFO - Configuration loaded successfully
2025-03-11 12:55:35,511 - INFO - Using classification threshold: 0.4
2025-03-11 12:55:35,511 - INFO - Loading model from: best_model.pth
2025-03-11 12:55:35,529 - INFO - Model weights loaded successfully
2025-03-11 12:55:35,530 - INFO - Model loaded successfully with 1,543,549 parameters
2025-03-11 12:55:35,530 - INFO - Loading test data from: unscaled_pdsch_val_min.parquet
2025-03-11 12:56:04,827 - INFO - Test data loaded successfully with 244 batches
2025-03-11 12:56:04,828 - INFO - Analyzing dataset statistics...
2025-03-11 12:56:05,686 - INFO - Dataset statistics saved to analysis_results/statistics/dataset_statistics.csv
2025-03-11 12:56:46,111 - INFO - Training dataset statistics saved to analysis_results/statistics/dataset_train_statistics.csv
2025-03-11 13:08:25,874 - INFO - Using device: cpu
2025-03-11 13:08:25,877 - INFO - Loading configuration from: best_model.pth
2025-03-11 13:08:25,895 - INFO - Configuration loaded successfully
2025-03-11 13:08:25,895 - INFO - Using classification threshold: 0.4
2025-03-11 13:08:25,895 - INFO - Loading model from: best_model.pth
2025-03-11 13:08:25,930 - INFO - Model weights loaded successfully
2025-03-11 13:08:25,931 - INFO - Model loaded successfully with 1,543,549 parameters
2025-03-11 13:08:25,931 - INFO - Loading test data from: unscaled_pdsch_val_min.parquet
2025-03-11 13:08:55,901 - INFO - Test data loaded successfully with 244 batches
2025-03-11 13:08:55,901 - INFO - Analyzing dataset statistics...
2025-03-11 13:08:56,764 - INFO - Dataset statistics saved to analysis_results/statistics/dataset_statistics.csv
2025-03-11 13:09:37,729 - INFO - Training dataset statistics saved to analysis_results/statistics/dataset_train_statistics.csv
2025-03-11 13:09:38,730 - INFO - Visualizing class weights...
2025-03-11 13:09:39,468 - INFO - Class weight visualizations saved
2025-03-11 13:09:39,468 - INFO - Running inference on test data...
2025-03-11 13:11:24,222 - INFO - Inference completed on 687016 timesteps
2025-03-11 13:11:24,228 - INFO - Calculating performance metrics...
2025-03-11 13:11:24,565 - INFO - Binary Classification Metrics:
2025-03-11 13:11:24,565 - INFO -   Accuracy: 0.9958
2025-03-11 13:11:24,566 - INFO -   Precision: 0.7278
2025-03-11 13:11:24,566 - INFO -   Recall: 0.9598
2025-03-11 13:11:24,566 - INFO -   F1 Score: 0.8278
2025-03-11 13:11:24,566 - INFO -   ROC AUC: 0.9986
2025-03-11 13:11:24,566 - INFO - 
Confusion Matrix (Normal vs Anomaly):
2025-03-11 13:11:24,566 - INFO -                   Predicted
2025-03-11 13:11:24,566 - INFO -                 Normal  Anomaly
2025-03-11 13:11:24,567 - INFO - Actual Normal   677208   2591    
2025-03-11 13:11:24,567 - INFO - Actual Anomaly  290      6927    
2025-03-11 13:11:24,567 - INFO - 
Class Detection Rates:
2025-03-11 13:11:24,567 - INFO -   Class 0 (Normal): 677208/679799 = 0.9962
2025-03-11 13:11:24,567 - INFO -   Class 1 (Unnecessary ReTx): 6338/6471 = 0.9794
2025-03-11 13:11:24,567 - INFO -   Class 2 (Missing ReTx): 184/303 = 0.6073
2025-03-11 13:11:24,567 - INFO -   Class 3 (New Data No ReTx): 164/202 = 0.8119
2025-03-11 13:11:24,568 - INFO -   Class 4 (Max ReTx Achieved): 241/241 = 1.0000
2025-03-11 13:11:24,568 - INFO - Plotting ROC curve...
2025-03-11 13:11:25,362 - INFO - Plotting precision-recall curve...
2025-03-11 13:11:26,177 - INFO - Plotting class detection rates...
2025-03-11 13:11:26,653 - INFO - Plotting confusion matrix...
2025-03-11 13:11:27,958 - INFO - Plotting threshold analysis...
2025-03-11 13:11:30,388 - INFO - Optimal threshold for accuracy: 0.95 (Accuracy = 0.9976)
2025-03-11 13:11:30,388 - INFO - Optimal threshold for F1 score: 0.95 (F1 = 0.8893)
2025-03-11 13:11:30,389 - INFO - Analyzing performance by sequence length...
2025-03-11 13:11:33,589 - INFO - Sequence length performance analysis completed
2025-03-11 13:11:33,615 - INFO - Plotting class distribution timeline...
2025-03-11 13:11:41,145 - INFO - Class distribution timeline visualizations created
2025-03-11 13:11:41,145 - INFO - Plotting feature distributions by class...
2025-03-11 13:12:03,655 - INFO - Feature distribution visualizations created
2025-03-11 13:12:03,673 - INFO - Creating correlation heatmap...
2025-03-11 13:12:06,904 - INFO - Correlation heatmaps created
2025-03-11 13:12:06,904 - INFO - Plotting probability distributions by class...
2025-03-11 13:12:09,622 - INFO - Probability distribution visualizations created
2025-03-11 13:12:09,623 - INFO - Analyzing false positives...
2025-03-11 13:12:09,624 - INFO - Found 2591 false positives
2025-03-11 13:12:09,647 - INFO - False positives data saved to analysis_results/false_positives/false_positives.csv
2025-03-11 13:12:09,749 - INFO - Clustering false positives...
2025-03-11 13:12:11,273 - INFO - Optimal number of clusters: 2
2025-03-11 13:12:15,015 - INFO - False positive clustering analysis saved
2025-03-11 13:12:15,016 - INFO - Analyzing time-series predictions...
2025-03-11 13:12:17,890 - INFO - Saved attention heatmap for anomaly_type_1
2025-03-11 13:12:17,890 - INFO - Saved time-series analysis for anomaly_type_1
2025-03-11 13:12:20,286 - INFO - Saved attention heatmap for anomaly_type_2
2025-03-11 13:12:20,286 - INFO - Saved time-series analysis for anomaly_type_2
2025-03-11 13:12:22,474 - INFO - Saved attention heatmap for anomaly_type_3
2025-03-11 13:12:22,474 - INFO - Saved time-series analysis for anomaly_type_3
2025-03-11 13:12:24,636 - INFO - Saved attention heatmap for anomaly_type_4
2025-03-11 13:12:24,636 - INFO - Saved time-series analysis for anomaly_type_4
2025-03-11 13:12:26,873 - INFO - Saved attention heatmap for false_positive
2025-03-11 13:12:26,873 - INFO - Saved time-series analysis for false_positive
2025-03-11 13:12:26,873 - INFO - Visualizing feature importance...
2025-03-11 13:12:28,488 - INFO - Generating summary report...
2025-03-11 13:12:28,515 - INFO - Summary report saved to analysis_results/summary_report.md
2025-03-11 13:12:28,515 - INFO - Analysis complete. Results saved to analysis_results
2025-03-11 15:13:10,028 - INFO - Using device: cpu
2025-03-11 15:13:10,031 - INFO - Loading configuration from: best_model.pth
2025-03-11 15:13:10,049 - INFO - Configuration loaded successfully
2025-03-11 15:13:10,050 - INFO - Using classification threshold: 0.4
2025-03-11 15:13:10,050 - INFO - Loading model from: best_model.pth
2025-03-11 15:13:10,087 - INFO - Model weights loaded successfully
2025-03-11 15:13:10,088 - INFO - Model loaded successfully with 1,543,549 parameters
2025-03-11 15:13:10,088 - INFO - Loading test data from: unscaled_pdsch_val_min.parquet
2025-03-11 15:13:41,662 - INFO - Test data loaded successfully with 244 batches
2025-03-11 15:13:41,663 - INFO - Analyzing dataset statistics...
2025-03-11 15:13:42,520 - INFO - Dataset statistics saved to analysis_results/statistics/dataset_statistics.csv
2025-03-11 15:14:23,889 - INFO - Training dataset statistics saved to analysis_results/statistics/dataset_train_statistics.csv
2025-03-11 15:14:25,024 - INFO - Visualizing class weights...
2025-03-11 15:14:25,775 - INFO - Class weight visualizations saved
2025-03-11 15:14:25,776 - INFO - Running inference on test data...
2025-03-11 15:16:07,027 - INFO - Inference completed on 687016 timesteps
2025-03-11 15:16:07,040 - INFO - Calculating performance metrics...
2025-03-11 15:16:07,305 - INFO - Binary Classification Metrics:
2025-03-11 15:16:07,306 - INFO -   Accuracy: 0.9958
2025-03-11 15:16:07,306 - INFO -   Precision: 0.7278
2025-03-11 15:16:07,306 - INFO -   Recall: 0.9598
2025-03-11 15:16:07,306 - INFO -   F1 Score: 0.8278
2025-03-11 15:16:07,306 - INFO -   ROC AUC: 0.9986
2025-03-11 15:16:07,306 - INFO - 
Confusion Matrix (Normal vs Anomaly):
2025-03-11 15:16:07,307 - INFO -                   Predicted
2025-03-11 15:16:07,307 - INFO -                 Normal  Anomaly
2025-03-11 15:16:07,307 - INFO - Actual Normal   677208   2591    
2025-03-11 15:16:07,307 - INFO - Actual Anomaly  290      6927    
2025-03-11 15:16:07,307 - INFO - 
Class Detection Rates:
2025-03-11 15:16:07,307 - INFO -   Class 0 (Normal): 677208/679799 = 0.9962
2025-03-11 15:16:07,307 - INFO -   Class 1 (Unnecessary ReTx): 6338/6471 = 0.9794
2025-03-11 15:16:07,308 - INFO -   Class 2 (Missing ReTx): 184/303 = 0.6073
2025-03-11 15:16:07,308 - INFO -   Class 3 (New Data No ReTx): 164/202 = 0.8119
2025-03-11 15:16:07,308 - INFO -   Class 4 (Max ReTx Achieved): 241/241 = 1.0000
2025-03-11 15:16:07,308 - INFO - Plotting ROC curve...
2025-03-11 15:16:07,852 - INFO - Plotting precision-recall curve...
2025-03-11 15:16:08,488 - INFO - Plotting class detection rates...
2025-03-11 15:16:08,917 - INFO - Plotting confusion matrix...
2025-03-11 15:16:10,186 - INFO - Plotting binary confusion matrix...
2025-03-11 15:16:10,526 - INFO - Binary confusion matrix plot saved
2025-03-11 15:16:10,526 - INFO - Plotting threshold analysis...
2025-03-11 15:16:12,536 - INFO - Optimal threshold for accuracy: 0.95 (Accuracy = 0.9976)
2025-03-11 15:16:12,536 - INFO - Optimal threshold for F1 score: 0.95 (F1 = 0.8893)
2025-03-11 15:16:12,536 - INFO - Analyzing performance by sequence length...
2025-03-11 15:16:15,432 - INFO - Sequence length performance analysis completed
2025-03-11 15:16:15,456 - INFO - Plotting class distribution timeline...
2025-03-11 15:16:23,277 - INFO - Class distribution timeline visualizations created
2025-03-11 15:16:23,277 - INFO - Plotting feature distributions by class...
2025-03-11 15:16:46,692 - INFO - Feature distribution visualizations created
2025-03-11 15:16:46,699 - INFO - Creating correlation heatmap...
2025-03-11 15:16:50,541 - INFO - Correlation heatmaps created
2025-03-11 15:16:50,541 - INFO - Plotting probability distributions by class...
2025-03-11 15:16:53,388 - INFO - Probability distribution visualizations created
2025-03-11 15:16:53,389 - INFO - Analyzing false positives...
2025-03-11 15:16:53,390 - INFO - Found 2591 false positives
2025-03-11 15:16:53,403 - INFO - False positives data saved to analysis_results/false_positives/false_positives.csv
2025-03-11 15:16:53,489 - INFO - Clustering false positives...
2025-03-11 15:16:54,984 - INFO - Optimal number of clusters: 2
2025-03-11 15:16:58,944 - INFO - False positive clustering analysis saved
2025-03-11 15:16:58,944 - INFO - Analyzing time-series predictions...
2025-03-11 15:17:01,834 - INFO - Saved attention heatmap for anomaly_type_1
2025-03-11 15:17:01,834 - INFO - Saved time-series analysis for anomaly_type_1
2025-03-11 15:17:04,276 - INFO - Saved attention heatmap for anomaly_type_2
2025-03-11 15:17:04,276 - INFO - Saved time-series analysis for anomaly_type_2
2025-03-11 15:17:06,401 - INFO - Saved attention heatmap for anomaly_type_3
2025-03-11 15:17:06,401 - INFO - Saved time-series analysis for anomaly_type_3
2025-03-11 15:17:08,475 - INFO - Saved attention heatmap for anomaly_type_4
2025-03-11 15:17:08,475 - INFO - Saved time-series analysis for anomaly_type_4
2025-03-11 15:17:10,577 - INFO - Saved attention heatmap for false_positive
2025-03-11 15:17:10,577 - INFO - Saved time-series analysis for false_positive
2025-03-11 15:17:10,578 - INFO - Visualizing feature importance...
2025-03-11 15:17:12,133 - INFO - Generating summary report...
2025-03-11 15:17:12,151 - INFO - Summary report saved to analysis_results/summary_report.md
2025-03-11 15:17:12,151 - INFO - Analysis complete. Results saved to analysis_results
2025-03-19 21:49:21,737 - INFO - Using device: cpu
2025-03-19 21:49:21,738 - INFO - Loading configuration from: best_model.pth
2025-03-19 21:49:21,765 - INFO - Configuration loaded successfully
2025-03-19 21:49:21,765 - INFO - Using classification threshold: 0.4
2025-03-19 21:49:21,766 - INFO - Loading model from: best_model.pth
2025-03-19 21:49:21,808 - INFO - Model weights loaded successfully
2025-03-19 21:49:21,808 - INFO - Model loaded successfully with 1,543,549 parameters
2025-03-19 21:49:21,808 - INFO - Loading test data from: unscaled_pdsch_val_min.parquet
2025-03-19 21:49:57,513 - INFO - Test data loaded successfully with 244 batches
2025-03-19 21:49:57,524 - INFO - Analyzing dataset statistics...
2025-03-19 21:49:58,406 - INFO - Dataset statistics saved to analysis_results/statistics/dataset_statistics.csv
2025-03-19 21:50:39,203 - INFO - Training dataset statistics saved to analysis_results/statistics/dataset_train_statistics.csv
2025-03-19 21:50:40,295 - INFO - Visualizing class weights...
2025-03-19 21:50:41,071 - INFO - Class weight visualizations saved
2025-03-19 21:50:41,072 - INFO - Running inference on test data...
2025-03-19 21:52:21,075 - INFO - Inference completed on 687016 timesteps
2025-03-19 21:52:21,077 - INFO - Calculating performance metrics...
2025-03-19 21:52:21,874 - INFO - Binary Classification Metrics:
2025-03-19 21:52:21,874 - INFO -   Accuracy: 0.9958
2025-03-19 21:52:21,874 - INFO -   Precision: 0.7278
2025-03-19 21:52:21,875 - INFO -   Recall: 0.9598
2025-03-19 21:52:21,875 - INFO -   F1 Score: 0.8278
2025-03-19 21:52:21,875 - INFO -   ROC AUC: 0.9986
2025-03-19 21:52:21,875 - INFO - 
Confusion Matrix (Normal vs Anomaly):
2025-03-19 21:52:21,875 - INFO -                   Predicted
2025-03-19 21:52:21,875 - INFO -                 Normal  Anomaly
2025-03-19 21:52:21,876 - INFO - Actual Normal   677208   2591    
2025-03-19 21:52:21,876 - INFO - Actual Anomaly  290      6927    
2025-03-19 21:52:21,876 - INFO - 
Class Detection Rates:
2025-03-19 21:52:21,876 - INFO -   Class 0 (Normal): 677208/679799 = 0.9962
2025-03-19 21:52:21,876 - INFO -   Class 1 (Unnecessary ReTx): 6338/6471 = 0.9794
2025-03-19 21:52:21,876 - INFO -   Class 2 (Missing ReTx): 184/303 = 0.6073
2025-03-19 21:52:21,877 - INFO -   Class 3 (New Data No ReTx): 164/202 = 0.8119
2025-03-19 21:52:21,877 - INFO -   Class 4 (Max ReTx Achieved): 241/241 = 1.0000
2025-03-19 21:52:21,877 - INFO - Plotting ROC curve...
2025-03-19 21:52:22,880 - INFO - Plotting precision-recall curve...
2025-03-19 21:52:24,027 - INFO - Plotting class detection rates...
2025-03-19 21:52:24,551 - INFO - Plotting confusion matrix...
2025-03-19 21:52:25,884 - INFO - Plotting binary confusion matrix...
2025-03-19 21:52:26,257 - INFO - Binary confusion matrix plot saved
2025-03-19 21:52:26,257 - INFO - Plotting threshold analysis...
2025-03-19 21:52:28,568 - INFO - Optimal threshold for accuracy: 0.95 (Accuracy = 0.9976)
2025-03-19 21:52:28,568 - INFO - Optimal threshold for F1 score: 0.95 (F1 = 0.8893)
2025-03-19 21:52:28,569 - INFO - Analyzing performance by sequence length...
2025-03-19 21:52:31,990 - INFO - Sequence length performance analysis completed
2025-03-19 21:52:32,023 - INFO - Plotting class distribution timeline...
2025-03-19 21:52:41,322 - INFO - Class distribution timeline visualizations created
2025-03-19 21:52:41,323 - INFO - Plotting feature distributions by class...
2025-03-19 21:53:06,966 - INFO - Feature distribution visualizations created
2025-03-19 21:53:06,975 - INFO - Creating correlation heatmap...
2025-03-19 21:53:10,551 - INFO - Correlation heatmaps created
2025-03-19 21:53:10,551 - INFO - Plotting probability distributions by class...
2025-03-19 21:53:13,762 - INFO - Probability distribution visualizations created
2025-03-19 21:53:13,762 - INFO - Analyzing false positives...
2025-03-19 21:53:13,767 - INFO - Found 2591 false positives
2025-03-19 21:53:13,790 - INFO - False positives data saved to analysis_results/false_positives/false_positives.csv
2025-03-19 21:53:13,949 - INFO - Clustering false positives...
2025-03-19 21:53:15,759 - INFO - Optimal number of clusters: 2
2025-03-19 21:53:20,134 - INFO - False positive clustering analysis saved
2025-03-19 21:53:20,135 - INFO - Analyzing time-series predictions...
2025-03-19 21:53:23,557 - INFO - Saved attention heatmap for anomaly_type_1
2025-03-19 21:53:23,557 - INFO - Saved time-series analysis for anomaly_type_1
2025-03-19 21:53:26,146 - INFO - Saved attention heatmap for anomaly_type_2
2025-03-19 21:53:26,147 - INFO - Saved time-series analysis for anomaly_type_2
2025-03-19 21:53:28,656 - INFO - Saved attention heatmap for anomaly_type_3
2025-03-19 21:53:28,656 - INFO - Saved time-series analysis for anomaly_type_3
2025-03-19 21:53:31,199 - INFO - Saved attention heatmap for anomaly_type_4
2025-03-19 21:53:31,199 - INFO - Saved time-series analysis for anomaly_type_4
2025-03-19 21:53:33,692 - INFO - Saved attention heatmap for false_positive
2025-03-19 21:53:33,693 - INFO - Saved time-series analysis for false_positive
2025-03-19 21:53:33,693 - INFO - Visualizing feature importance...
2025-03-19 21:53:35,422 - INFO - Generating summary report...
2025-03-19 21:53:35,452 - INFO - Summary report saved to analysis_results/summary_report.md
2025-03-19 21:53:35,453 - INFO - Analysis complete. Results saved to analysis_results
2025-03-19 22:28:14,758 - INFO - Using device: cpu
2025-03-19 22:28:14,760 - INFO - Loading configuration from: best_model.pth
2025-03-19 22:28:14,782 - INFO - Configuration loaded successfully
2025-03-19 22:28:14,782 - INFO - Using classification threshold: 0.4
2025-03-19 22:28:14,783 - INFO - Loading model from: best_model.pth
2025-03-19 22:28:14,820 - INFO - Model weights loaded successfully
2025-03-19 22:28:14,821 - INFO - Model loaded successfully with 1,543,549 parameters
2025-03-19 22:28:14,821 - INFO - Loading test data from: unscaled_pdsch_val_min.parquet
2025-03-19 22:28:44,410 - INFO - Test data loaded successfully with 244 batches
2025-03-19 22:28:44,411 - INFO - Analyzing dataset statistics...
2025-03-19 22:28:45,267 - INFO - Dataset statistics saved to analysis_results/statistics/dataset_statistics.csv
2025-03-19 22:29:26,629 - INFO - Training dataset statistics saved to analysis_results/statistics/dataset_train_statistics.csv
2025-03-19 22:29:27,633 - INFO - Visualizing class weights...
2025-03-19 22:29:28,341 - INFO - Class weight visualizations saved
2025-03-19 22:29:28,341 - INFO - Running inference on test data...
2025-03-19 22:31:07,078 - INFO - Inference completed on 687016 timesteps
2025-03-19 22:31:07,081 - INFO - Calculating performance metrics...
2025-03-19 22:31:07,353 - INFO - Binary Classification Metrics:
2025-03-19 22:31:07,353 - INFO -   Accuracy: 0.9958
2025-03-19 22:31:07,353 - INFO -   Precision: 0.7278
2025-03-19 22:31:07,353 - INFO -   Recall: 0.9598
2025-03-19 22:31:07,353 - INFO -   F1 Score: 0.8278
2025-03-19 22:31:07,353 - INFO -   ROC AUC: 0.9986
2025-03-19 22:31:07,354 - INFO - 
Confusion Matrix (Normal vs Anomaly):
2025-03-19 22:31:07,354 - INFO -                   Predicted
2025-03-19 22:31:07,354 - INFO -                 Normal  Anomaly
2025-03-19 22:31:07,354 - INFO - Actual Normal   677208   2591    
2025-03-19 22:31:07,354 - INFO - Actual Anomaly  290      6927    
2025-03-19 22:31:07,354 - INFO - 
Class Detection Rates:
2025-03-19 22:31:07,354 - INFO -   Class 0 (Normal): 677208/679799 = 0.9962
2025-03-19 22:31:07,355 - INFO -   Class 1 (Type 1): 6338/6471 = 0.9794
2025-03-19 22:31:07,355 - INFO -   Class 2 (Type 2): 184/303 = 0.6073
2025-03-19 22:31:07,355 - INFO -   Class 3 (Type 3): 164/202 = 0.8119
2025-03-19 22:31:07,355 - INFO -   Class 4 (Type 4): 241/241 = 1.0000
2025-03-19 22:31:07,355 - INFO - Plotting ROC curve...
2025-03-19 22:31:07,878 - INFO - Plotting precision-recall curve...
2025-03-19 22:31:08,497 - INFO - Plotting class detection rates...
2025-03-19 22:31:08,913 - INFO - Plotting confusion matrix...
2025-03-19 22:31:10,174 - INFO - Plotting binary confusion matrix...
2025-03-19 22:31:10,518 - INFO - Binary confusion matrix plot saved
2025-03-19 22:31:10,518 - INFO - Plotting threshold analysis...
2025-03-19 22:31:12,546 - INFO - Optimal threshold for accuracy: 0.95 (Accuracy = 0.9976)
2025-03-19 22:31:12,547 - INFO - Optimal threshold for F1 score: 0.95 (F1 = 0.8893)
2025-03-19 22:31:12,547 - INFO - Analyzing performance by sequence length...
2025-03-19 22:31:15,418 - INFO - Sequence length performance analysis completed
2025-03-19 22:31:15,444 - INFO - Plotting class distribution timeline...
2025-03-19 22:31:22,843 - INFO - Class distribution timeline visualizations created
2025-03-19 22:31:22,844 - INFO - Plotting feature distributions by class...
2025-03-19 22:31:45,609 - INFO - Feature distribution visualizations created
2025-03-19 22:31:45,616 - INFO - Creating correlation heatmap...
2025-03-19 22:31:48,898 - INFO - Correlation heatmaps created
2025-03-19 22:31:48,898 - INFO - Plotting probability distributions by class...
2025-03-19 22:31:51,637 - INFO - Probability distribution visualizations created
2025-03-19 22:31:51,638 - INFO - Analyzing false positives...
2025-03-19 22:31:51,639 - INFO - Found 2591 false positives
2025-03-19 22:31:51,651 - INFO - False positives data saved to analysis_results/false_positives/false_positives.csv
2025-03-19 22:31:51,783 - INFO - Clustering false positives...
2025-03-19 22:31:53,134 - INFO - Optimal number of clusters: 2
2025-03-19 22:31:56,802 - INFO - False positive clustering analysis saved
2025-03-19 22:31:56,802 - INFO - Analyzing time-series predictions...
2025-03-19 22:31:59,554 - INFO - Saved attention heatmap for anomaly_type_1
2025-03-19 22:31:59,554 - INFO - Saved time-series analysis for anomaly_type_1
2025-03-19 22:32:01,921 - INFO - Saved attention heatmap for anomaly_type_2
2025-03-19 22:32:01,922 - INFO - Saved time-series analysis for anomaly_type_2
2025-03-19 22:32:04,176 - INFO - Saved attention heatmap for anomaly_type_3
2025-03-19 22:32:04,176 - INFO - Saved time-series analysis for anomaly_type_3
2025-03-19 22:32:06,467 - INFO - Saved attention heatmap for anomaly_type_4
2025-03-19 22:32:06,467 - INFO - Saved time-series analysis for anomaly_type_4
2025-03-19 22:32:08,573 - INFO - Saved attention heatmap for false_positive
2025-03-19 22:32:08,573 - INFO - Saved time-series analysis for false_positive
2025-03-19 22:32:08,573 - INFO - Visualizing feature importance...
2025-03-19 22:32:10,091 - INFO - Generating summary report...
2025-03-19 22:32:10,111 - INFO - Summary report saved to analysis_results/summary_report.md
2025-03-19 22:32:10,112 - INFO - Analysis complete. Results saved to analysis_results
2025-03-21 13:21:50,409 - INFO - Using device: cpu
2025-03-21 13:21:50,411 - INFO - Loading configuration from: best_model_good_multi.pth
2025-03-21 13:29:20,667 - INFO - Using device: cpu
2025-03-21 13:29:20,669 - INFO - Loading configuration from: best_model_good_multi.pth
2025-03-21 13:29:43,526 - INFO - Using device: cpu
2025-03-21 13:29:43,527 - INFO - Loading configuration from: best_model_good_multi.pth
2025-03-21 13:39:26,621 - INFO - Using device: cpu
2025-03-21 13:39:26,622 - INFO - Loading configuration from: best_model.pth
2025-03-21 13:39:26,706 - INFO - Configuration loaded successfully
2025-03-21 13:39:26,706 - INFO - Using classification threshold: 0.4
2025-03-21 13:39:26,707 - INFO - Loading model from: best_model.pth
2025-03-21 13:39:26,783 - INFO - Model weights loaded successfully
2025-03-21 13:39:26,783 - INFO - Model loaded successfully with 1,543,549 parameters
2025-03-21 13:39:26,784 - INFO - Loading test data from: unscaled_pdsch_val_min.parquet
2025-03-21 13:40:04,133 - INFO - Test data loaded successfully with 244 batches
2025-03-21 13:40:04,133 - INFO - Analyzing dataset statistics...
2025-03-21 13:40:04,988 - INFO - Dataset statistics saved to analysis_results/statistics/dataset_statistics.csv
2025-03-21 13:40:47,609 - INFO - Training dataset statistics saved to analysis_results/statistics/dataset_train_statistics.csv
2025-03-21 13:40:48,918 - INFO - Visualizing class weights...
2025-03-21 13:40:49,736 - INFO - Class weight visualizations saved
2025-03-21 13:40:49,736 - INFO - Running inference on test data...
2025-03-21 13:42:35,773 - INFO - Inference completed on 687016 timesteps
2025-03-21 13:42:35,777 - INFO - Calculating performance metrics...
2025-03-21 13:42:36,201 - INFO - Binary Classification Metrics:
2025-03-21 13:42:36,201 - INFO -   Accuracy: 0.9958
2025-03-21 13:42:36,201 - INFO -   Precision: 0.7278
2025-03-21 13:42:36,201 - INFO -   Recall: 0.9598
2025-03-21 13:42:36,201 - INFO -   F1 Score: 0.8278
2025-03-21 13:42:36,202 - INFO -   ROC AUC: 0.9986
2025-03-21 13:42:36,202 - INFO - 
Confusion Matrix (Normal vs Anomaly):
2025-03-21 13:42:36,202 - INFO -                   Predicted
2025-03-21 13:42:36,202 - INFO -                 Normal  Anomaly
2025-03-21 13:42:36,202 - INFO - Actual Normal   677208   2591    
2025-03-21 13:42:36,202 - INFO - Actual Anomaly  290      6927    
2025-03-21 13:42:36,203 - INFO - 
Class Detection Rates:
2025-03-21 13:42:36,204 - INFO -   Class 0 (Normal): 677208/679799 = 0.9962
2025-03-21 13:42:36,204 - INFO -   Class 1 (Type 1): 6338/6471 = 0.9794
2025-03-21 13:42:36,204 - INFO -   Class 2 (Type 2): 184/303 = 0.6073
2025-03-21 13:42:36,204 - INFO -   Class 3 (Type 3): 164/202 = 0.8119
2025-03-21 13:42:36,204 - INFO -   Class 4 (Type 4): 241/241 = 1.0000
2025-03-21 13:42:36,205 - INFO - Plotting ROC curve...
2025-03-21 13:42:37,015 - INFO - Plotting precision-recall curve...
2025-03-21 13:42:38,197 - INFO - Plotting class detection rates...
2025-03-21 13:42:38,729 - INFO - Plotting confusion matrices...
2025-03-21 13:42:40,219 - INFO - Normalized confusion matrix plots saved to analysis_results/figures
2025-03-21 13:42:42,408 - INFO - Normalized confusion matrix plots saved to analysis_results/figures
2025-03-21 13:42:43,632 - INFO - Multiple confusion matrix visualizations saved
2025-03-21 13:42:43,634 - INFO - Plotting binary confusion matrix...
2025-03-21 13:42:44,102 - INFO - Binary confusion matrix plot saved
2025-03-21 13:42:44,102 - INFO - Plotting threshold analysis...
2025-03-21 13:42:48,333 - INFO - Optimal threshold for accuracy: 0.95 (Accuracy = 0.9976)
2025-03-21 13:42:48,333 - INFO - Optimal threshold for F1 score: 0.95 (F1 = 0.8893)
2025-03-21 13:42:48,334 - INFO - Analyzing performance by sequence length...
2025-03-21 13:42:52,759 - INFO - Sequence length performance analysis completed
2025-03-21 13:42:52,798 - INFO - Plotting class distribution timeline...
2025-03-21 13:43:01,969 - INFO - Class distribution timeline visualizations created
2025-03-21 13:43:01,969 - INFO - Plotting feature distributions by class...
2025-03-21 13:43:30,548 - INFO - Feature distribution visualizations created
2025-03-21 13:43:30,557 - INFO - Creating correlation heatmap...
2025-03-21 13:43:33,899 - INFO - Correlation heatmaps created
2025-03-21 13:43:33,899 - INFO - Plotting probability distributions by class...
2025-03-21 13:43:36,921 - INFO - Probability distribution visualizations created
2025-03-21 13:43:36,922 - INFO - Analyzing false positives...
2025-03-21 13:43:36,929 - INFO - Found 2591 false positives
2025-03-21 13:43:36,957 - INFO - False positives data saved to analysis_results/false_positives/false_positives.csv
2025-03-21 13:43:37,192 - INFO - Clustering false positives...
2025-03-21 13:43:39,805 - INFO - Optimal number of clusters: 2
2025-03-21 13:43:43,619 - INFO - False positive clustering analysis saved
2025-03-21 13:43:43,619 - INFO - Analyzing time-series predictions...
2025-03-21 13:43:46,477 - INFO - Saved attention heatmap for anomaly_type_1
2025-03-21 13:43:46,477 - INFO - Saved time-series analysis for anomaly_type_1
2025-03-21 13:43:48,882 - INFO - Saved attention heatmap for anomaly_type_2
2025-03-21 13:43:48,882 - INFO - Saved time-series analysis for anomaly_type_2
2025-03-21 13:43:50,984 - INFO - Saved attention heatmap for anomaly_type_3
2025-03-21 13:43:50,984 - INFO - Saved time-series analysis for anomaly_type_3
2025-03-21 13:43:53,184 - INFO - Saved attention heatmap for anomaly_type_4
2025-03-21 13:43:53,185 - INFO - Saved time-series analysis for anomaly_type_4
2025-03-21 13:43:55,445 - INFO - Saved attention heatmap for false_positive
2025-03-21 13:43:55,445 - INFO - Saved time-series analysis for false_positive
2025-03-21 13:43:55,446 - INFO - Visualizing feature importance...
2025-03-21 13:43:57,043 - INFO - Generating summary report...
2025-03-21 13:43:57,069 - INFO - Summary report saved to analysis_results/summary_report.md
2025-03-21 13:43:57,069 - INFO - Analysis complete. Results saved to analysis_results
2025-03-21 15:08:23,190 - INFO - Using device: cpu
2025-03-21 15:08:23,192 - INFO - Loading configuration from: best_model.pth
2025-03-21 15:08:23,214 - INFO - Configuration loaded successfully
2025-03-21 15:08:23,214 - INFO - Using classification threshold: 0.4
2025-03-21 15:08:23,215 - INFO - Loading model from: best_model.pth
2025-03-21 15:08:23,253 - INFO - Model weights loaded successfully
2025-03-21 15:08:23,253 - INFO - Model loaded successfully with 1,543,549 parameters
2025-03-21 15:08:23,253 - INFO - Loading test data from: unscaled_pdsch_val_min.parquet
2025-03-21 15:08:56,447 - INFO - Test data loaded successfully with 244 batches
2025-03-21 15:08:56,447 - INFO - Analyzing dataset statistics...
2025-03-21 15:08:57,326 - INFO - Dataset statistics saved to analysis_results/statistics/dataset_statistics.csv
2025-03-21 15:09:38,799 - INFO - Training dataset statistics saved to analysis_results/statistics/dataset_train_statistics.csv
2025-03-21 15:09:39,914 - INFO - Visualizing class weights...
2025-03-21 15:09:40,714 - INFO - Class weight visualizations saved
2025-03-21 15:09:40,715 - INFO - Running inference on test data...
2025-03-21 15:11:24,660 - INFO - Inference completed on 687016 timesteps
2025-03-21 15:11:24,662 - INFO - Calculating performance metrics...
2025-03-21 15:11:24,954 - INFO - Binary Classification Metrics:
2025-03-21 15:11:24,955 - INFO -   Accuracy: 0.9958
2025-03-21 15:11:24,955 - INFO -   Precision: 0.7278
2025-03-21 15:11:24,955 - INFO -   Recall: 0.9598
2025-03-21 15:11:24,955 - INFO -   F1 Score: 0.8278
2025-03-21 15:11:24,955 - INFO -   ROC AUC: 0.9986
2025-03-21 15:11:24,955 - INFO - 
Confusion Matrix (Normal vs Anomaly):
2025-03-21 15:11:24,956 - INFO -                   Predicted
2025-03-21 15:11:24,956 - INFO -                 Normal  Anomaly
2025-03-21 15:11:24,956 - INFO - Actual Normal   677208   2591    
2025-03-21 15:11:24,956 - INFO - Actual Anomaly  290      6927    
2025-03-21 15:11:24,956 - INFO - 
Class Detection Rates:
2025-03-21 15:11:24,956 - INFO -   Class 0 (Normal): 677208/679799 = 0.9962
2025-03-21 15:11:24,957 - INFO -   Class 1 (Type 1): 6338/6471 = 0.9794
2025-03-21 15:11:24,957 - INFO -   Class 2 (Type 2): 184/303 = 0.6073
2025-03-21 15:11:24,957 - INFO -   Class 3 (Type 3): 164/202 = 0.8119
2025-03-21 15:11:24,957 - INFO -   Class 4 (Type 4): 241/241 = 1.0000
2025-03-21 15:11:24,957 - INFO - Plotting ROC curve...
2025-03-21 15:11:25,516 - INFO - Plotting precision-recall curve...
2025-03-21 15:11:26,165 - INFO - Plotting class detection rates...
2025-03-21 15:11:26,597 - INFO - Plotting confusion matrices...
2025-03-21 15:11:27,660 - INFO - Normalized confusion matrix plots saved to analysis_results/figures
2025-03-21 15:11:28,888 - INFO - Normalized confusion matrix plots saved to analysis_results/figures
2025-03-21 15:11:29,560 - INFO - Multiple confusion matrix visualizations saved
2025-03-21 15:11:29,561 - INFO - Plotting binary confusion matrix...
2025-03-21 15:11:29,929 - INFO - Binary confusion matrix plot saved
2025-03-21 15:11:29,930 - INFO - Plotting threshold analysis...
2025-03-21 15:11:32,668 - INFO - Optimal threshold for accuracy: 0.95 (Accuracy = 0.9976)
2025-03-21 15:11:32,669 - INFO - Optimal threshold for F1 score: 0.95 (F1 = 0.8893)
2025-03-21 15:11:32,669 - INFO - Analyzing performance by sequence length...
2025-03-21 15:11:35,758 - INFO - Sequence length performance analysis completed
2025-03-21 15:11:35,791 - INFO - Plotting class distribution timeline...
2025-03-21 15:11:44,355 - INFO - Class distribution timeline visualizations created
2025-03-21 15:11:44,356 - INFO - Plotting feature distributions by class...
2025-03-21 15:12:09,500 - INFO - Feature distribution visualizations created
2025-03-21 15:12:09,511 - INFO - Creating correlation heatmap...
2025-03-21 15:12:13,022 - INFO - Correlation heatmaps created
2025-03-21 15:12:13,023 - INFO - Plotting probability distributions by class...
2025-03-21 15:12:15,826 - INFO - Probability distribution visualizations created
2025-03-21 15:12:15,826 - INFO - Analyzing false positives...
2025-03-21 15:12:15,828 - INFO - Found 2591 false positives
2025-03-21 15:12:15,844 - INFO - False positives data saved to analysis_results/false_positives/false_positives.csv
2025-03-21 15:12:15,982 - INFO - Clustering false positives...
2025-03-21 15:12:17,469 - INFO - Optimal number of clusters: 2
2025-03-21 15:12:21,507 - INFO - False positive clustering analysis saved
2025-03-21 15:12:21,507 - INFO - Analyzing time-series predictions...
2025-03-21 15:12:24,449 - INFO - Saved attention heatmap for anomaly_type_1
2025-03-21 15:12:24,450 - INFO - Saved time-series analysis for anomaly_type_1
2025-03-21 15:12:26,835 - INFO - Saved attention heatmap for anomaly_type_2
2025-03-21 15:12:26,835 - INFO - Saved time-series analysis for anomaly_type_2
2025-03-21 15:12:29,082 - INFO - Saved attention heatmap for anomaly_type_3
2025-03-21 15:12:29,083 - INFO - Saved time-series analysis for anomaly_type_3
2025-03-21 15:12:31,277 - INFO - Saved attention heatmap for anomaly_type_4
2025-03-21 15:12:31,277 - INFO - Saved time-series analysis for anomaly_type_4
2025-03-21 15:12:33,688 - INFO - Saved attention heatmap for false_positive
2025-03-21 15:12:33,689 - INFO - Saved time-series analysis for false_positive
2025-03-21 15:12:33,689 - INFO - Visualizing feature importance...
2025-03-21 15:12:35,367 - INFO - Generating summary report...
2025-03-21 15:12:35,391 - INFO - Summary report saved to analysis_results/summary_report.md
2025-03-21 15:12:35,391 - INFO - Analysis complete. Results saved to analysis_results
2025-03-27 09:54:31,955 - INFO - Using device: cpu
2025-03-27 09:54:31,957 - INFO - Loading configuration from: best_model.pth
2025-03-27 09:54:31,978 - INFO - Configuration loaded successfully
2025-03-27 09:54:31,979 - INFO - Using classification threshold: 0.4
2025-03-27 09:54:31,980 - INFO - Loading model from: best_model.pth
2025-03-27 09:54:32,030 - INFO - Model weights loaded successfully
2025-03-27 09:54:32,031 - INFO - Model loaded successfully with 1,543,549 parameters
2025-03-27 09:54:32,032 - INFO - Loading test data from: unscaled_pdsch_val_min.parquet
2025-03-27 09:55:08,416 - INFO - Test data loaded successfully with 244 batches
2025-03-27 09:55:08,417 - INFO - Analyzing dataset statistics...
2025-03-27 09:55:09,255 - INFO - Dataset statistics saved to analysis_results/statistics/dataset_statistics.csv
2025-03-27 09:55:49,999 - INFO - Training dataset statistics saved to analysis_results/statistics/dataset_train_statistics.csv
2025-03-27 09:55:51,105 - INFO - Visualizing class weights...
2025-03-27 09:55:51,856 - INFO - Class weight visualizations saved
2025-03-27 09:55:51,857 - INFO - Running inference on test data...
2025-03-27 09:57:35,465 - INFO - Inference completed on 687016 timesteps
2025-03-27 09:57:35,468 - INFO - Calculating performance metrics...
2025-03-27 09:57:36,272 - INFO - Binary Classification Metrics:
2025-03-27 09:57:36,272 - INFO -   Accuracy: 0.9958
2025-03-27 09:57:36,272 - INFO -   Precision: 0.7278
2025-03-27 09:57:36,273 - INFO -   Recall: 0.9598
2025-03-27 09:57:36,273 - INFO -   F1 Score: 0.8278
2025-03-27 09:57:36,273 - INFO -   ROC AUC: 0.9986
2025-03-27 09:57:36,273 - INFO - 
Confusion Matrix (Normal vs Anomaly):
2025-03-27 09:57:36,273 - INFO -                   Predicted
2025-03-27 09:57:36,273 - INFO -                 Normal  Anomaly
2025-03-27 09:57:36,273 - INFO - Actual Normal   677208   2591    
2025-03-27 09:57:36,273 - INFO - Actual Anomaly  290      6927    
2025-03-27 09:57:36,273 - INFO - 
Class Detection Rates:
2025-03-27 09:57:36,274 - INFO -   Class 0 (Normal): 677208/679799 = 0.9962
2025-03-27 09:57:36,274 - INFO -   Class 1 (Type 1): 6338/6471 = 0.9794
2025-03-27 09:57:36,274 - INFO -   Class 2 (Type 2): 184/303 = 0.6073
2025-03-27 09:57:36,274 - INFO -   Class 3 (Type 3): 164/202 = 0.8119
2025-03-27 09:57:36,274 - INFO -   Class 4 (Type 4): 241/241 = 1.0000
2025-03-27 09:57:36,274 - INFO - Plotting ROC curve...
2025-03-27 09:57:36,840 - INFO - Plotting precision-recall curve...
2025-03-27 09:57:37,696 - INFO - Plotting class detection rates...
2025-03-27 09:57:38,140 - INFO - Plotting confusion matrices...
2025-03-27 09:57:39,541 - INFO - Normalized confusion matrix plots saved to analysis_results/figures
2025-03-27 09:57:40,832 - INFO - Normalized confusion matrix plots saved to analysis_results/figures
2025-03-27 09:57:41,498 - INFO - Multiple confusion matrix visualizations saved
2025-03-27 09:57:41,498 - INFO - Plotting binary confusion matrix...
2025-03-27 09:57:42,237 - INFO - Binary confusion matrix plot saved
2025-03-27 09:57:42,237 - INFO - Plotting threshold analysis...
2025-03-27 09:57:44,471 - INFO - Optimal threshold for accuracy: 0.95 (Accuracy = 0.9976)
2025-03-27 09:57:44,471 - INFO - Optimal threshold for F1 score: 0.95 (F1 = 0.8893)
2025-03-27 09:57:44,471 - INFO - Analyzing performance by sequence length...
2025-03-27 09:57:47,983 - INFO - Sequence length performance analysis completed
2025-03-27 09:57:48,015 - INFO - Plotting class distribution timeline...
2025-03-27 09:57:56,167 - INFO - Class distribution timeline visualizations created
2025-03-27 09:57:56,168 - INFO - Plotting feature distributions by class...
2025-03-27 09:58:22,629 - INFO - Feature distribution visualizations created
2025-03-27 09:58:22,637 - INFO - Creating correlation heatmap...
2025-03-27 09:58:25,970 - INFO - Correlation heatmaps created
2025-03-27 09:58:25,970 - INFO - Plotting probability distributions by class...
2025-03-27 09:58:28,750 - INFO - Probability distribution visualizations created
2025-03-27 09:58:28,750 - INFO - Analyzing false positives...
2025-03-27 09:58:28,752 - INFO - Found 2591 false positives
2025-03-27 09:58:28,768 - INFO - False positives data saved to analysis_results/false_positives/false_positives.csv
2025-03-27 09:58:28,884 - INFO - Clustering false positives...
2025-03-27 09:58:30,260 - INFO - Optimal number of clusters: 2
2025-03-27 09:58:34,056 - INFO - False positive clustering analysis saved
2025-03-27 09:58:34,057 - INFO - Analyzing time-series predictions...
2025-03-27 09:58:36,919 - INFO - Saved attention heatmap for anomaly_type_1
2025-03-27 09:58:36,919 - INFO - Saved time-series analysis for anomaly_type_1
2025-03-27 09:58:39,249 - INFO - Saved attention heatmap for anomaly_type_2
2025-03-27 09:58:39,250 - INFO - Saved time-series analysis for anomaly_type_2
2025-03-27 09:58:41,551 - INFO - Saved attention heatmap for anomaly_type_3
2025-03-27 09:58:41,551 - INFO - Saved time-series analysis for anomaly_type_3
2025-03-27 09:58:43,720 - INFO - Saved attention heatmap for anomaly_type_4
2025-03-27 09:58:43,721 - INFO - Saved time-series analysis for anomaly_type_4
2025-03-27 09:58:45,793 - INFO - Saved attention heatmap for false_positive
2025-03-27 09:58:45,793 - INFO - Saved time-series analysis for false_positive
2025-03-27 09:58:45,793 - INFO - Visualizing feature importance...
2025-03-27 09:58:47,344 - INFO - Generating summary report...
2025-03-27 09:58:47,365 - INFO - Summary report saved to analysis_results/summary_report.md
2025-03-27 09:58:47,365 - INFO - Analysis complete. Results saved to analysis_results
2025-03-27 12:06:08,228 - INFO - Using device: cpu
2025-03-27 12:06:08,232 - INFO - Loading configuration from: best_model.pth
2025-03-27 12:06:08,251 - INFO - Configuration loaded successfully
2025-03-27 12:06:08,252 - INFO - Using classification threshold: 0.4
2025-03-27 12:06:08,252 - INFO - Loading model from: best_model.pth
2025-03-27 12:06:08,287 - INFO - Model weights loaded successfully
2025-03-27 12:06:08,288 - INFO - Model loaded successfully with 1,543,549 parameters
2025-03-27 12:06:08,288 - INFO - Loading test data from: unscaled_pdsch_val_min.parquet
2025-03-27 12:06:40,001 - INFO - Test data loaded successfully with 244 batches
2025-03-27 12:06:40,012 - INFO - Analyzing dataset statistics...
2025-03-27 12:06:40,864 - INFO - Dataset statistics saved to analysis_results/statistics/dataset_statistics.csv
2025-03-27 12:07:21,473 - INFO - Training dataset statistics saved to analysis_results/statistics/dataset_train_statistics.csv
2025-03-27 12:07:22,666 - INFO - Visualizing class weights...
2025-03-27 12:07:23,386 - INFO - Class weight visualizations saved
2025-03-27 12:07:23,386 - INFO - Running inference on test data...
2025-03-27 12:09:03,714 - INFO - Inference completed on 687016 timesteps
2025-03-27 12:09:03,717 - INFO - Calculating performance metrics...
2025-03-27 12:09:04,025 - INFO - Binary Classification Metrics:
2025-03-27 12:09:04,026 - INFO -   Accuracy: 0.9958
2025-03-27 12:09:04,026 - INFO -   Precision: 0.7278
2025-03-27 12:09:04,026 - INFO -   Recall: 0.9598
2025-03-27 12:09:04,026 - INFO -   F1 Score: 0.8278
2025-03-27 12:09:04,026 - INFO -   ROC AUC: 0.9986
2025-03-27 12:09:04,026 - INFO - 
Confusion Matrix (Normal vs Anomaly):
2025-03-27 12:09:04,026 - INFO -                   Predicted
2025-03-27 12:09:04,026 - INFO -                 Normal  Anomaly
2025-03-27 12:09:04,027 - INFO - Actual Normal   677208   2591    
2025-03-27 12:09:04,027 - INFO - Actual Anomaly  290      6927    
2025-03-27 12:09:04,027 - INFO - 
Class Detection Rates:
2025-03-27 12:09:04,027 - INFO -   Class 0 (Normal): 677208/679799 = 0.9962
2025-03-27 12:09:04,027 - INFO -   Class 1 (Type 1): 6338/6471 = 0.9794
2025-03-27 12:09:04,027 - INFO -   Class 2 (Type 2): 184/303 = 0.6073
2025-03-27 12:09:04,027 - INFO -   Class 3 (Type 3): 164/202 = 0.8119
2025-03-27 12:09:04,027 - INFO -   Class 4 (Type 4): 241/241 = 1.0000
2025-03-27 12:09:04,027 - INFO - Plotting ROC curve...
2025-03-27 12:09:04,749 - INFO - Plotting precision-recall curve...
2025-03-27 12:09:05,722 - INFO - Plotting class detection rates...
2025-03-27 12:09:06,160 - INFO - Plotting confusion matrices...
2025-03-27 12:09:11,724 - INFO - Professional confusion matrix plot saved to analysis_results/figures
2025-03-27 12:09:14,378 - INFO - Professional confusion matrix plot saved to analysis_results/figures
2025-03-27 12:09:15,038 - INFO - Multiple confusion matrix visualizations saved
2025-03-27 12:09:15,040 - INFO - Plotting binary confusion matrix...
2025-03-27 12:09:15,567 - INFO - Binary confusion matrix plot saved
2025-03-27 12:09:15,569 - INFO - Plotting threshold analysis...
2025-03-27 12:09:18,095 - INFO - Optimal threshold for accuracy: 0.95 (Accuracy = 0.9976)
2025-03-27 12:09:18,095 - INFO - Optimal threshold for F1 score: 0.95 (F1 = 0.8893)
2025-03-27 12:09:18,096 - INFO - Analyzing performance by sequence length...
2025-03-27 12:09:21,022 - INFO - Sequence length performance analysis completed
2025-03-27 12:09:21,066 - INFO - Plotting class distribution timeline...
2025-03-27 12:09:30,026 - INFO - Class distribution timeline visualizations created
2025-03-27 12:09:30,027 - INFO - Plotting feature distributions by class...
2025-03-27 12:09:52,002 - INFO - Feature distribution visualizations created
2025-03-27 12:09:52,010 - INFO - Creating correlation heatmap...
2025-03-27 12:09:55,167 - INFO - Correlation heatmaps created
2025-03-27 12:09:55,167 - INFO - Plotting probability distributions by class...
2025-03-27 12:09:57,859 - INFO - Probability distribution visualizations created
2025-03-27 12:09:57,859 - INFO - Analyzing false positives...
2025-03-27 12:09:57,860 - INFO - Found 2591 false positives
2025-03-27 12:09:57,874 - INFO - False positives data saved to analysis_results/false_positives/false_positives.csv
2025-03-27 12:09:57,981 - INFO - Clustering false positives...
2025-03-27 12:09:59,465 - INFO - Optimal number of clusters: 2
2025-03-27 12:10:03,283 - INFO - False positive clustering analysis saved
2025-03-27 12:10:03,284 - INFO - Analyzing time-series predictions...
2025-03-27 12:10:05,833 - INFO - Saved attention heatmap for anomaly_type_1
2025-03-27 12:10:05,833 - INFO - Saved time-series analysis for anomaly_type_1
2025-03-27 12:10:08,076 - INFO - Saved attention heatmap for anomaly_type_2
2025-03-27 12:10:08,076 - INFO - Saved time-series analysis for anomaly_type_2
2025-03-27 12:10:10,266 - INFO - Saved attention heatmap for anomaly_type_3
2025-03-27 12:10:10,267 - INFO - Saved time-series analysis for anomaly_type_3
2025-03-27 12:10:12,341 - INFO - Saved attention heatmap for anomaly_type_4
2025-03-27 12:10:12,342 - INFO - Saved time-series analysis for anomaly_type_4
2025-03-27 12:10:14,448 - INFO - Saved attention heatmap for false_positive
2025-03-27 12:10:14,448 - INFO - Saved time-series analysis for false_positive
2025-03-27 12:10:14,449 - INFO - Visualizing feature importance...
2025-03-27 12:10:16,020 - INFO - Generating summary report...
2025-03-27 12:10:16,043 - INFO - Summary report saved to analysis_results/summary_report.md
2025-03-27 12:10:16,043 - INFO - Analysis complete. Results saved to analysis_results
2025-03-27 12:12:00,805 - INFO - Using device: cpu
2025-03-27 12:12:00,808 - INFO - Loading configuration from: best_model.pth
2025-03-27 12:12:00,823 - INFO - Configuration loaded successfully
2025-03-27 12:12:00,823 - INFO - Using classification threshold: 0.4
2025-03-27 12:12:00,824 - INFO - Loading model from: best_model.pth
2025-03-27 12:12:00,849 - INFO - Model weights loaded successfully
2025-03-27 12:12:00,850 - INFO - Model loaded successfully with 1,543,549 parameters
2025-03-27 12:12:00,850 - INFO - Loading test data from: unscaled_pdsch_val_min.parquet
2025-03-27 12:12:31,970 - INFO - Test data loaded successfully with 244 batches
2025-03-27 12:12:31,970 - INFO - Analyzing dataset statistics...
2025-03-27 12:12:32,792 - INFO - Dataset statistics saved to analysis_results/statistics/dataset_statistics.csv
2025-03-27 12:13:13,156 - INFO - Training dataset statistics saved to analysis_results/statistics/dataset_train_statistics.csv
2025-03-27 12:13:14,441 - INFO - Visualizing class weights...
2025-03-27 12:13:15,197 - INFO - Class weight visualizations saved
2025-03-27 12:13:15,197 - INFO - Running inference on test data...
2025-03-27 12:15:01,987 - INFO - Inference completed on 687016 timesteps
2025-03-27 12:15:01,989 - INFO - Calculating performance metrics...
2025-03-27 12:15:02,300 - INFO - Binary Classification Metrics:
2025-03-27 12:15:02,300 - INFO -   Accuracy: 0.9958
2025-03-27 12:15:02,300 - INFO -   Precision: 0.7278
2025-03-27 12:15:02,300 - INFO -   Recall: 0.9598
2025-03-27 12:15:02,300 - INFO -   F1 Score: 0.8278
2025-03-27 12:15:02,301 - INFO -   ROC AUC: 0.9986
2025-03-27 12:15:02,301 - INFO - 
Confusion Matrix (Normal vs Anomaly):
2025-03-27 12:15:02,301 - INFO -                   Predicted
2025-03-27 12:15:02,301 - INFO -                 Normal  Anomaly
2025-03-27 12:15:02,301 - INFO - Actual Normal   677208   2591    
2025-03-27 12:15:02,301 - INFO - Actual Anomaly  290      6927    
2025-03-27 12:15:02,301 - INFO - 
Class Detection Rates:
2025-03-27 12:15:02,302 - INFO -   Class 0 (Normal): 677208/679799 = 0.9962
2025-03-27 12:15:02,302 - INFO -   Class 1 (Type 1): 6338/6471 = 0.9794
2025-03-27 12:15:02,302 - INFO -   Class 2 (Type 2): 184/303 = 0.6073
2025-03-27 12:15:02,302 - INFO -   Class 3 (Type 3): 164/202 = 0.8119
2025-03-27 12:15:02,302 - INFO -   Class 4 (Type 4): 241/241 = 1.0000
2025-03-27 12:15:02,302 - INFO - Plotting ROC curve...
2025-03-27 12:15:02,948 - INFO - Plotting precision-recall curve...
2025-03-27 12:15:03,743 - INFO - Plotting class detection rates...
2025-03-27 12:15:04,198 - INFO - Plotting confusion matrices...
2025-03-27 12:15:08,255 - INFO - Professional confusion matrix plot saved to analysis_results/figures
2025-03-27 12:15:10,894 - INFO - Professional confusion matrix plot saved to analysis_results/figures
2025-03-27 12:15:11,598 - INFO - Multiple confusion matrix visualizations saved
2025-03-27 12:15:11,598 - INFO - Plotting binary confusion matrix...
2025-03-27 12:15:12,114 - INFO - Binary confusion matrix plot saved
2025-03-27 12:15:12,115 - INFO - Plotting threshold analysis...
2025-03-27 12:15:14,685 - INFO - Optimal threshold for accuracy: 0.95 (Accuracy = 0.9976)
2025-03-27 12:15:14,685 - INFO - Optimal threshold for F1 score: 0.95 (F1 = 0.8893)
2025-03-27 12:15:14,686 - INFO - Analyzing performance by sequence length...
2025-03-27 12:15:17,729 - INFO - Sequence length performance analysis completed
2025-03-27 12:15:17,759 - INFO - Plotting class distribution timeline...
2025-03-27 12:15:30,608 - INFO - Class distribution timeline visualizations created
2025-03-27 12:15:30,609 - INFO - Plotting feature distributions by class...
2025-03-27 12:15:51,637 - INFO - Feature distribution visualizations created
2025-03-27 12:15:51,645 - INFO - Creating correlation heatmap...
2025-03-27 12:15:54,809 - INFO - Correlation heatmaps created
2025-03-27 12:15:54,809 - INFO - Plotting probability distributions by class...
2025-03-27 12:15:57,483 - INFO - Probability distribution visualizations created
2025-03-27 12:15:57,483 - INFO - Analyzing false positives...
2025-03-27 12:15:57,484 - INFO - Found 2591 false positives
2025-03-27 12:15:57,498 - INFO - False positives data saved to analysis_results/false_positives/false_positives.csv
2025-03-27 12:15:57,585 - INFO - Clustering false positives...
2025-03-27 12:15:58,969 - INFO - Optimal number of clusters: 2
2025-03-27 12:16:02,579 - INFO - False positive clustering analysis saved
2025-03-27 12:16:02,580 - INFO - Analyzing time-series predictions...
2025-03-27 12:16:04,957 - INFO - Saved attention heatmap for anomaly_type_1
2025-03-27 12:16:04,957 - INFO - Saved time-series analysis for anomaly_type_1
2025-03-27 12:16:07,174 - INFO - Saved attention heatmap for anomaly_type_2
2025-03-27 12:16:07,174 - INFO - Saved time-series analysis for anomaly_type_2
2025-03-27 12:16:09,341 - INFO - Saved attention heatmap for anomaly_type_3
2025-03-27 12:16:09,342 - INFO - Saved time-series analysis for anomaly_type_3
2025-03-27 12:16:11,389 - INFO - Saved attention heatmap for anomaly_type_4
2025-03-27 12:16:11,390 - INFO - Saved time-series analysis for anomaly_type_4
2025-03-27 12:16:13,575 - INFO - Saved attention heatmap for false_positive
2025-03-27 12:16:13,575 - INFO - Saved time-series analysis for false_positive
2025-03-27 12:16:13,576 - INFO - Visualizing feature importance...
2025-03-27 12:16:15,106 - INFO - Generating summary report...
2025-03-27 12:16:15,126 - INFO - Summary report saved to analysis_results/summary_report.md
2025-03-27 12:16:15,126 - INFO - Analysis complete. Results saved to analysis_results
